de.metas.externalsystem.externalservice.externalserviceinstance.ExternalSystemServiceInstanceRepositoryTest.givenConfigIds_whenStreamByConfigIds_thenReturnMatchingInstances=[
  [
    {
<<<<<<< HEAD
      "id" : 100004,
      "service" : {
        "id" : 100003,
        "externalSystemType" : "GRSSignum",
        "serviceValue" : "grs_service_value",
        "name" : "Name",
        "description" : "Description",
        "enableCommand" : "EnableCommand",
        "disableCommand" : "DisableCommand"
      },
      "configId" : 100001,
      "expectedStatus" : "INACTIVE"
=======
      "configId": 100001,
      "expectedStatus": "INACTIVE",
      "id": 100004,
      "service": {
        "description": "Description",
        "disableCommand": "DisableCommand",
        "enableCommand": "EnableCommand",
        "externalSystemType": "GRSSignum",
        "id": 100003,
        "name": "Name",
        "serviceValue": "grs_service_value"
      }
>>>>>>> 3091b8e938a (externalSystems-Leich+Mehl can invoke a customizable postgREST reports (#19521))
    }
  ]
]


de.metas.externalsystem.externalservice.externalserviceinstance.ExternalSystemServiceInstanceRepositoryTest.givenInstanceRequest_whenCreate_thenCreateAndReturnInstance=[
  {
<<<<<<< HEAD
    "id" : 100003,
    "service" : {
      "id" : 100002,
      "externalSystemType" : "GRSSignum",
      "serviceValue" : "grs_service_value",
      "name" : "Name",
      "description" : "Description",
      "enableCommand" : "EnableCommand",
      "disableCommand" : "DisableCommand"
    },
    "configId" : 100001,
    "expectedStatus" : "INACTIVE"
=======
    "configId": 100001,
    "expectedStatus": "INACTIVE",
    "id": 100003,
    "service": {
      "description": "Description",
      "disableCommand": "DisableCommand",
      "enableCommand": "EnableCommand",
      "externalSystemType": "GRSSignum",
      "id": 100002,
      "name": "Name",
      "serviceValue": "grs_service_value"
    }
>>>>>>> 3091b8e938a (externalSystems-Leich+Mehl can invoke a customizable postgREST reports (#19521))
  }
]


de.metas.externalsystem.externalservice.externalserviceinstance.ExternalSystemServiceInstanceRepositoryTest.givenInstance_whenUpdate_thenUpdateAndReturnInstance=[
  {
<<<<<<< HEAD
    "id" : 100003,
    "service" : {
      "id" : 100002,
      "externalSystemType" : "GRSSignum",
      "serviceValue" : "grs_service_value",
      "name" : "Name",
      "description" : "Description",
      "enableCommand" : "EnableCommand",
      "disableCommand" : "DisableCommand"
    },
    "configId" : 100001,
    "expectedStatus" : "ACTIVE"
=======
    "configId": 100001,
    "expectedStatus": "ACTIVE",
    "id": 100003,
    "service": {
      "description": "Description",
      "disableCommand": "DisableCommand",
      "enableCommand": "EnableCommand",
      "externalSystemType": "GRSSignum",
      "id": 100002,
      "name": "Name",
      "serviceValue": "grs_service_value"
    }
>>>>>>> 3091b8e938a (externalSystems-Leich+Mehl can invoke a customizable postgREST reports (#19521))
  }
]


de.metas.externalsystem.externalservice.externalserviceinstance.ExternalSystemServiceInstanceRepositoryTest.givenValidIds_whenGetByConfigAndServiceId_thenReturnInstance=[
  {
<<<<<<< HEAD
    "id" : 100003,
    "service" : {
      "id" : 100002,
      "externalSystemType" : "GRSSignum",
      "serviceValue" : "grs_service_value",
      "name" : "Name",
      "description" : "Description",
      "enableCommand" : "EnableCommand",
      "disableCommand" : "DisableCommand"
    },
    "configId" : 100001,
    "expectedStatus" : "INACTIVE"
=======
    "configId": 100001,
    "expectedStatus": "INACTIVE",
    "id": 100003,
    "service": {
      "description": "Description",
      "disableCommand": "DisableCommand",
      "enableCommand": "EnableCommand",
      "externalSystemType": "GRSSignum",
      "id": 100002,
      "name": "Name",
      "serviceValue": "grs_service_value"
    }
>>>>>>> 3091b8e938a (externalSystems-Leich+Mehl can invoke a customizable postgREST reports (#19521))
  }
]