de.metas.externalsystem.ExternalSystemConfigRepoTest.externalSystem_Config_Alberta_getById=[
  {
    "id" : 100001,
    "type" : "Alberta",
    "name" : "name",
    "active" : true,
    "orgId" : 0,
    "childConfig" : {
      "id" : 100002,
      "parentId" : 100001,
      "value" : "testAlbertaValue",
      "apiKey" : "apiKey",
      "baseUrl" : "baseUrl",
      "tenant" : "tenant"
    },
    "writeAudit" : true,
    "auditFileFolder" : "auditFileFolder"
  }
]


de.metas.externalsystem.ExternalSystemConfigRepoTest.externalSystem_Config_Alberta_getByTypeAndParent=[
  {
    "id" : 100002,
    "parentId" : 100001,
    "value" : "testAlbertaValue",
    "apiKey" : "apiKey",
    "baseUrl" : "baseUrl",
    "tenant" : "tenant"
  }
]


de.metas.externalsystem.ExternalSystemConfigRepoTest.externalSystem_Config_Alberta_getByTypeAndValue=[
  {
    "id" : 100001,
    "type" : "Alberta",
    "name" : "name",
    "active" : true,
    "orgId" : 0,
    "childConfig" : {
      "id" : 100002,
      "parentId" : 100001,
      "value" : "testAlbertaValue",
      "apiKey" : "apiKey",
      "baseUrl" : "baseUrl",
      "tenant" : "tenant"
    },
    "writeAudit" : true,
    "auditFileFolder" : "auditFileFolder"
  }
]


de.metas.externalsystem.ExternalSystemConfigRepoTest.externalSystem_Config_GRSSignum_getById=[
  {
    "id" : 100001,
    "type" : "GRSSignum",
    "name" : "name",
    "active" : true,
    "orgId" : 0,
    "childConfig" : {
      "id" : 100002,
      "parentId" : 100001,
      "value" : "testGRSSignumValue",
      "baseUrl" : "baseUrl",
      "tenantId" : "tenantId",
      "camelHttpResourceAuthKey" : "authKey",
      "authToken" : "authToken",
      "syncBPartnersToRestEndpoint" : true,
      "autoSendVendors" : false,
      "autoSendCustomers" : false,
      "syncHUsOnMaterialReceipt" : false,
      "syncHUsOnProductionReceipt" : false,
      "createBPartnerFolders" : false
    },
    "writeAudit" : false
  }
]


de.metas.externalsystem.ExternalSystemConfigRepoTest.externalSystem_Config_GRSSignum_getByTypeAndParent=[
  {
    "id" : 100002,
    "parentId" : 100001,
    "value" : "testGRSSignumValue",
    "baseUrl" : "baseUrl",
    "tenantId" : "tenantId",
    "camelHttpResourceAuthKey" : "authKey",
    "authToken" : "authToken",
    "syncBPartnersToRestEndpoint" : false,
    "autoSendVendors" : false,
    "autoSendCustomers" : false,
    "syncHUsOnMaterialReceipt" : false,
    "syncHUsOnProductionReceipt" : false,
    "createBPartnerFolders" : false
  }
]


de.metas.externalsystem.ExternalSystemConfigRepoTest.externalSystem_Config_GRSSignum_getByTypeAndValue=[
  {
    "id" : 100001,
    "type" : "GRSSignum",
    "name" : "name",
    "active" : true,
    "orgId" : 0,
    "childConfig" : {
      "id" : 100002,
      "parentId" : 100001,
      "value" : "testGRSSignumValue",
      "baseUrl" : "baseUrl",
      "tenantId" : "tenantId",
      "camelHttpResourceAuthKey" : "authKey",
      "authToken" : "authToken",
      "syncBPartnersToRestEndpoint" : true,
      "autoSendVendors" : false,
      "autoSendCustomers" : false,
      "syncHUsOnMaterialReceipt" : false,
      "syncHUsOnProductionReceipt" : false,
      "createBPartnerFolders" : false
    },
    "writeAudit" : false
  }
]


de.metas.externalsystem.ExternalSystemConfigRepoTest.externalSystem_Config_LeichMehl_getActiveByType=[
  [
    {
      "id" : 100001,
      "type" : "LeichUndMehl",
      "name" : "name",
      "active" : true,
      "orgId" : 0,
      "childConfig" : {
        "id" : 100002,
        "parentId" : 100001,
        "value" : "testLeichMehlValue",
        "productBaseFolderName" : "productBaseFolderName",
        "tcpPort" : 8080,
        "tcpHost" : "tcpHost",
        "pluFileExportAuditEnabled" : false
      },
      "writeAudit" : true,
      "auditFileFolder" : "auditFileFolder"
    }
  ]
]


de.metas.externalsystem.ExternalSystemConfigRepoTest.externalSystem_Config_LeichMehl_getByTypeAndParent=[
  {
    "id" : 100002,
    "parentId" : 100001,
    "value" : "testLeichMehlValue",
    "productBaseFolderName" : "productBaseFolderName",
    "tcpPort" : 8080,
    "tcpHost" : "tcpHost",
    "pluFileExportAuditEnabled" : false
  }
]


de.metas.externalsystem.ExternalSystemConfigRepoTest.externalSystem_Config_LeichMehl_getTypeAndValue=[
  {
    "id" : 100001,
    "type" : "LeichUndMehl",
    "name" : "name",
    "active" : true,
    "orgId" : 0,
    "childConfig" : {
      "id" : 100002,
      "parentId" : 100001,
      "value" : "testLeichMehlValue",
      "productBaseFolderName" : "productBaseFolderName",
      "tcpPort" : 8080,
      "tcpHost" : "tcpHost",
      "pluFileExportAuditEnabled" : false
    },
    "writeAudit" : true,
    "auditFileFolder" : "auditFileFolder"
  }
]


de.metas.externalsystem.ExternalSystemConfigRepoTest.externalSystem_Config_RabbitMQ_getById=[
  {
    "id" : 100001,
    "type" : "RabbitMQ",
    "name" : "name",
    "active" : true,
    "orgId" : 0,
    "childConfig" : {
      "id" : 100002,
      "parentId" : 100001,
      "value" : "testRabbitMQValue",
      "routingKey" : "routingKey",
      "remoteUrl" : "remoteURL",
      "authToken" : "authToken",
      "isSyncBPartnerToRabbitMQ" : true,
      "isAutoSendWhenCreatedByUserGroup" : false,
      "isSyncExternalReferencesToRabbitMQ" : false,
      "syncBPartnerToRabbitMQ" : true,
      "syncExternalReferencesToRabbitMQ" : false,
      "autoSendSubjectWhenCreatedByUserGroup" : false
    },
    "writeAudit" : true,
    "auditFileFolder" : "auditFileFolder"
  }
]


de.metas.externalsystem.ExternalSystemConfigRepoTest.externalSystem_Config_RabbitMQ_getByTypeAndParent=[
  {
    "id" : 100002,
    "parentId" : 100001,
    "value" : "testRabbitMQValue",
    "routingKey" : "routingKey",
    "remoteUrl" : "remoteURL",
    "authToken" : "authToken",
    "isSyncBPartnerToRabbitMQ" : true,
    "isAutoSendWhenCreatedByUserGroup" : false,
    "isSyncExternalReferencesToRabbitMQ" : false,
    "syncBPartnerToRabbitMQ" : true,
    "syncExternalReferencesToRabbitMQ" : false,
    "autoSendSubjectWhenCreatedByUserGroup" : false
  }
]


de.metas.externalsystem.ExternalSystemConfigRepoTest.externalSystem_Config_RabbitMQ_getByTypeAndValue=[
  {
    "id" : 100001,
    "type" : "RabbitMQ",
    "name" : "name",
    "active" : true,
    "orgId" : 0,
    "childConfig" : {
      "id" : 100002,
      "parentId" : 100001,
      "value" : "testRabbitMQValue",
      "routingKey" : "routingKey",
      "remoteUrl" : "remoteURL",
      "authToken" : "authToken",
      "isSyncBPartnerToRabbitMQ" : true,
      "isAutoSendWhenCreatedByUserGroup" : true,
      "userGroupId" : 1,
      "isSyncExternalReferencesToRabbitMQ" : false,
      "syncBPartnerToRabbitMQ" : true,
      "syncExternalReferencesToRabbitMQ" : false,
      "autoSendSubjectWhenCreatedByUserGroup" : true
    },
    "writeAudit" : true,
    "auditFileFolder" : "auditFileFolder"
  }
]


de.metas.externalsystem.ExternalSystemConfigRepoTest.externalSystem_Config_Shopware6_getById=[
  {
    "id" : 100001,
    "type" : "Shopware6",
    "name" : "name",
    "active" : true,
    "orgId" : 0,
    "childConfig" : {
      "id" : 100002,
      "parentId" : 100001,
      "baseUrl" : "baseUrl",
      "clientId" : "id",
      "clientSecret" : "secret",
      "externalSystemShopware6ConfigMappingList" : [ ],
      "uomShopwareMappingList" : [
        {
          "externalSystemShopware6ConfigId" : 100002,
          "uomId" : 100003,
          "shopwareCode" : "shopwareCode"
        }
      ],
      "salesRepJSONPath" : "/test/salesrep",
      "priceListId" : 1,
      "isActive" : true,
      "value" : "testShopware6Value",
      "productLookup" : "ProductNumber"
    },
    "writeAudit" : true,
    "auditFileFolder" : "auditFileFolder"
  }
]


de.metas.externalsystem.ExternalSystemConfigRepoTest.externalSystem_Config_Shopware6_getByQuery=[
  {
    "id" : 100001,
    "type" : "Shopware6",
    "name" : "name",
    "active" : false,
    "orgId" : 0,
    "childConfig" : {
      "id" : 100002,
      "parentId" : 100001,
      "baseUrl" : "baseUrl",
      "clientId" : "id",
      "clientSecret" : "secret",
      "externalSystemShopware6ConfigMappingList" : [ ],
      "uomShopwareMappingList" : [
        {
          "externalSystemShopware6ConfigId" : 100002,
          "uomId" : 100003,
          "shopwareCode" : "shopwareCode"
        }
      ],
      "salesRepJSONPath" : "/test/salesrep",
      "priceListId" : 1,
      "isActive" : false,
      "value" : "testShopware6Value",
      "productLookup" : "ProductNumber"
    },
    "writeAudit" : true,
    "auditFileFolder" : "auditFileFolder"
  }
]


de.metas.externalsystem.ExternalSystemConfigRepoTest.externalSystem_Config_Shopware6_getByTypeAndParent=[
  {
    "id" : 100002,
    "parentId" : 100001,
    "baseUrl" : "baseUrl",
    "clientId" : "id",
    "clientSecret" : "secret",
    "externalSystemShopware6ConfigMappingList" : [
      {
        "seqNo" : 10,
        "docTypeOrderId" : 10000,
        "paymentRule" : "K",
        "bpartnerIfExists" : "UPDATE_MERGE",
        "bpartnerIfNotExists" : "FAIL",
        "bpartnerLocationIfExists" : "DONT_UPDATE",
        "bpartnerLocationIfNotExists" : "CREATE",
        "isInvoiceEmailEnabled" : true,
        "paymentTermId" : 10000,
        "sw6CustomerGroup" : "testWithAn√§",
        "sw6PaymentMethod" : "test",
        "description" : "test"
      }
    ],
    "uomShopwareMappingList" : [
      {
        "externalSystemShopware6ConfigId" : 100002,
        "uomId" : 100004,
        "shopwareCode" : "shopwareCode"
      }
    ],
    "salesRepJSONPath" : "/test/salesrep",
    "priceListId" : 1,
    "isActive" : true,
    "value" : "testShopware6Value",
    "productLookup" : "ProductNumber"
  }
]


de.metas.externalsystem.ExternalSystemConfigRepoTest.externalSystem_Config_Shopware6_getTypeAndValue=[
  {
    "id" : 100001,
    "type" : "Shopware6",
    "name" : "name",
    "active" : true,
    "orgId" : 0,
    "childConfig" : {
      "id" : 100002,
      "parentId" : 100001,
      "baseUrl" : "baseUrl",
      "clientId" : "id",
      "clientSecret" : "secret",
      "externalSystemShopware6ConfigMappingList" : [ ],
      "uomShopwareMappingList" : [
        {
          "externalSystemShopware6ConfigId" : 100002,
          "uomId" : 100003,
          "shopwareCode" : "shopwareCode"
        }
      ],
      "salesRepJSONPath" : "/test/salesrep",
      "priceListId" : 1,
      "isActive" : true,
      "value" : "testShopware6Value",
      "productLookup" : "ProductNumber"
    },
    "writeAudit" : true,
    "auditFileFolder" : "auditFileFolder"
  }
]


de.metas.externalsystem.ExternalSystemConfigRepoTest.externalSystem_Config_Shopware6_store=[
  {
    "id" : 100001,
    "type" : "Shopware6",
    "name" : "name",
    "active" : true,
    "orgId" : 0,
    "childConfig" : {
      "id" : 100002,
      "parentId" : 100001,
      "baseUrl" : "new-baseURL",
      "clientId" : "new-clientId",
      "clientSecret" : "new-clientSecret",
      "externalSystemShopware6ConfigMappingList" : [ ],
      "uomShopwareMappingList" : [ ],
      "salesRepJSONPath" : "/test/salesrep",
      "priceListId" : 2,
      "isActive" : true,
      "value" : "new-value",
      "productLookup" : "ProductNumber"
    },
    "writeAudit" : true,
    "auditFileFolder" : "auditFileFolder"
  }
]


de.metas.externalsystem.ExternalSystemConfigRepoTest.externalSystem_Config_Woocommerce_getById=[
  {
    "id" : 100001,
    "type" : "WOO",
    "name" : "name",
    "active" : true,
    "orgId" : 0,
    "childConfig" : {
      "id" : 100002,
      "parentId" : 100001,
      "value" : "testWoocommerceValue",
      "camelHttpResourceAuthKey" : "authKey"
    },
    "writeAudit" : true,
    "auditFileFolder" : "auditFileFolder"
  }
]


de.metas.externalsystem.ExternalSystemConfigRepoTest.externalSystem_Config_Woocommerce_getTypeAndValue=[
  {
    "id" : 100001,
    "type" : "WOO",
    "name" : "name",
    "active" : true,
    "orgId" : 0,
    "childConfig" : {
      "id" : 100002,
      "parentId" : 100001,
      "value" : "testWoocommerceValue"
    },
    "writeAudit" : true,
    "auditFileFolder" : "auditFileFolder"
  }
]


de.metas.externalsystem.ExternalSystemConfigRepoTest.externalSystem_Config_getActiveByType_RabbitMQ=[
  [
    {
      "id" : 100001,
      "type" : "RabbitMQ",
      "name" : "name",
      "active" : true,
      "orgId" : 0,
      "childConfig" : {
        "id" : 100002,
        "parentId" : 100001,
        "value" : "notImportant",
        "routingKey" : "routingKey",
        "remoteUrl" : "remoteURL",
        "authToken" : "authToken",
        "isSyncBPartnerToRabbitMQ" : false,
        "isAutoSendWhenCreatedByUserGroup" : false,
        "isSyncExternalReferencesToRabbitMQ" : false,
        "syncBPartnerToRabbitMQ" : false,
        "syncExternalReferencesToRabbitMQ" : false,
        "autoSendSubjectWhenCreatedByUserGroup" : false
      },
      "writeAudit" : true,
      "auditFileFolder" : "auditFileFolder"
    }
  ]
]


de.metas.externalsystem.ExternalSystemConfigRepoTest.externalSystem_LeichMehl_Config_getById=[
  {
    "id" : 100001,
    "type" : "LeichUndMehl",
    "name" : "name",
    "active" : true,
    "orgId" : 0,
    "childConfig" : {
      "id" : 100002,
      "parentId" : 100001,
      "value" : "LeichMehl",
      "productBaseFolderName" : "productBaseFolderName",
      "tcpPort" : 8080,
      "tcpHost" : "tcpHost",
      "pluFileExportAuditEnabled" : false
    },
    "writeAudit" : true,
    "auditFileFolder" : "auditFileFolder"
  }
]


de.metas.externalsystem.ExternalSystemConfigRepoTest.externalSystem_Other_Config_getById=[
  {
    "id" : 100001,
    "type" : "Other",
    "name" : "name",
    "active" : true,
    "orgId" : 0,
    "childConfig" : {
      "id" : {
        "externalSystemParentConfigId" : 100001
      },
      "parameters" : [
        {
          "id" : 100002,
          "name" : "name1",
          "value" : "value1"
        },
        {
          "id" : 100003,
          "name" : "name2",
          "value" : "value2"
        }
      ]
    },
    "writeAudit" : true,
    "auditFileFolder" : "auditFileFolder"
  }
]

