de.metas.payment.revolut.RevolutExportRepoTest.saveAll=[
  [
    {
      "IBAN": "iban",
      "SwiftCode": "SwiftCode",
      "accountNo": "accountNo",
      "addressLine1": "addr1",
      "addressLine2": "addr2",
      "amount": "10 CHF",
      "city": "city",
      "name": "name",
      "orgId": 1,
      "paymentReference": "payReference",
      "postalCode": "postal",
      "recipientBankCountryId": 4,
      "recipientCountryId": 5,
      "recipientType": "COMPANY",
      "recordReference": {
        "recordId": 1,
        "tableName": "C_PaySelection"
      },
      "regionName": "region",
      "revolutPaymentExportId": 1000000,
      "routingNo": "routingNo"
    }
  ]
]