de.metas.contracts.commission.commissioninstance.services.margin.MarginCommissionConfigFactoryTest.givenValidRequest_whenCreateForNewCommissionInstances_thenReturnOneCommissionConfig=[
  [
    {
      "commissionProductId": 100011,
      "customerTradeMarginLineId": 100013,
      "marginContract": {
        "@type": "MarginContract",
        "contractOwnerBPartnerId": 1,
        "id": 100015,
        "simulation": false
      },
      "pointsPrecision": 2,
      "tradedPercent": 10
    }
  ]
]