de.metas.handlingunits.picking.plan.generator.CreatePickingPlanCommand_UsingCUs_Test.scenario_3HUs_1KgAlreadyReserved=[ {
  "alternatives" : {
    "pickFroms" : [ {
      "availableQty" : "960.000 Kg",
      "key" : {
        "huId" : 100245,
        "locatorId" : "100169_100171",
        "productId" : 100168
      }
    } ]
  },
  "lines" : [ {
    "pickFromHU" : {
      "alternatives" : {
        "keys" : [ {
          "huId" : 100245,
          "locatorId" : "100169_100171",
          "productId" : 100168
        } ]
      },
      "huCode" : "100280",
      "huReservedForThisLine" : true,
      "locatorId" : "100169_100171",
      "topLevelHUId" : 100280
    },
    "productId" : 100168,
    "qty" : "1.000 Kg",
    "sourceDocumentInfo" : {
      "packToSpec" : {
        "genericPackingInstructionsId" : 101
      },
      "salesOrderLineId" : {
        "orderId" : 300,
        "orderLineId" : 301
      },
      "shipmentScheduleId" : 2
    },
    "type" : "PICK_FROM_HU"
  }, {
    "pickFromHU" : {
      "alternatives" : {
        "keys" : [ {
          "huId" : 100245,
          "locatorId" : "100169_100171",
          "productId" : 100168
        } ]
      },
      "huCode" : "100173",
      "huReservedForThisLine" : false,
      "locatorId" : "100169_100171",
      "topLevelHUId" : 100173
    },
    "productId" : 100168,
    "qty" : "30.000 Kg",
    "sourceDocumentInfo" : {
      "packToSpec" : {
        "genericPackingInstructionsId" : 101
      },
      "salesOrderLineId" : {
        "orderId" : 300,
        "orderLineId" : 301
      },
      "shipmentScheduleId" : 2
    },
    "type" : "PICK_FROM_HU"
  }, {
    "pickFromHU" : {
      "alternatives" : {
        "keys" : [ {
          "huId" : 100245,
          "locatorId" : "100169_100171",
          "productId" : 100168
        } ]
      },
      "huCode" : "100209",
      "huReservedForThisLine" : false,
      "locatorId" : "100169_100171",
      "topLevelHUId" : 100209
    },
    "productId" : 100168,
    "qty" : "30.000 Kg",
    "sourceDocumentInfo" : {
      "packToSpec" : {
        "genericPackingInstructionsId" : 101
      },
      "salesOrderLineId" : {
        "orderId" : 300,
        "orderLineId" : 301
      },
      "shipmentScheduleId" : 2
    },
    "type" : "PICK_FROM_HU"
  }, {
    "pickFromHU" : {
      "alternatives" : {
        "keys" : [ ]
      },
      "huCode" : "100245",
      "huReservedForThisLine" : false,
      "locatorId" : "100169_100171",
      "topLevelHUId" : 100245
    },
    "productId" : 100168,
    "qty" : "39.000 Kg",
    "sourceDocumentInfo" : {
      "packToSpec" : {
        "genericPackingInstructionsId" : 101
      },
      "salesOrderLineId" : {
        "orderId" : 300,
        "orderLineId" : 301
      },
      "shipmentScheduleId" : 2
    },
    "type" : "PICK_FROM_HU"
  } ]
} ]