de.metas.CreatedUpdatedInfoTest.createNew_updated=[
  {
<<<<<<< HEAD
    "createdBy" : 10,
    "created" : {
      "dateTime" : {
        "date" : {
          "year" : 2019,
          "month" : 3,
          "day" : 8,
          "leapYear" : false
        },
        "time" : {
          "hour" : 13,
          "minute" : 20,
          "second" : 42,
          "nano" : 2
        }
      },
      "offset" : {
        "totalSeconds" : 3600
      },
      "zone" : {
        "totalSeconds" : 3600
      }
    },
    "updatedBy" : 20,
    "updated" : {
      "dateTime" : {
        "date" : {
          "year" : 2019,
          "month" : 3,
          "day" : 8,
          "leapYear" : false
        },
        "time" : {
          "hour" : 14,
          "minute" : 20,
          "second" : 42,
          "nano" : 2
        }
      },
      "offset" : {
        "totalSeconds" : 3600
      },
      "zone" : {
        "totalSeconds" : 3600
      }
    }
=======
    "created": "2019-03-08T13:20:42.000000002+01:00",
    "createdBy": 10,
    "updated": "2019-03-08T14:20:42.000000002+01:00",
    "updatedBy": 20
>>>>>>> 3091b8e938a (externalSystems-Leich+Mehl can invoke a customizable postgREST reports (#19521))
  }
]