de.metas.common.bpartner.v2.response.JsonResponseBPartnerCompositeUpsertTest.serializeDeserializeTest=[
  {
<<<<<<< HEAD
    "responseItems" : [
      {
        "responseBPartnerItem" : {
          "identifier" : "val-12345",
          "metasfreshId" : 23,
          "syncOutcome" : "CREATED"
        },
        "responseLocationItems" : [
          {
            "identifier" : "ext-12345",
            "metasfreshId" : 24,
            "syncOutcome" : "UPDATED"
          }
        ],
        "responseContactItems" : [
          {
            "identifier" : "ext-12345",
            "metasfreshId" : 24,
            "syncOutcome" : "UPDATED"
          }
        ],
        "responseBankAccountItems" : [
          {
            "identifier" : "ext-12345",
            "metasfreshId" : 24,
            "syncOutcome" : "NOTHING_DONE"
=======
    "responseItems": [
      {
        "responseBPartnerItem": {
          "identifier": "val-12345",
          "metasfreshId": 23,
          "syncOutcome": "CREATED"
        },
        "responseBankAccountItems": [
          {
            "identifier": "ext-12345",
            "metasfreshId": 24,
            "syncOutcome": "NOTHING_DONE"
          }
        ],
        "responseContactItems": [
          {
            "identifier": "ext-12345",
            "metasfreshId": 24,
            "syncOutcome": "UPDATED"
          }
        ],
        "responseLocationItems": [
          {
            "identifier": "ext-12345",
            "metasfreshId": 24,
            "syncOutcome": "UPDATED"
>>>>>>> 3091b8e938a (externalSystems-Leich+Mehl can invoke a customizable postgREST reports (#19521))
          }
        ]
      }
    ]
  }
]