de.metas.audit.apirequest.config.ApiAuditConfigRepositoryTest.getActiveConfigsByOrgId=[
  [
    {
<<<<<<< HEAD
      "apiAuditConfigId" : 100001,
      "active" : true,
      "orgId" : 1,
      "seqNo" : 10,
      "isBypassAudit" : false,
      "forceProcessedAsync" : true,
      "keepRequestDays" : 101,
      "keepRequestBodyDays" : 100,
      "keepResponseDays" : 103,
      "keepErroredRequestDays" : 104,
      "keepResponseBodyDays" : 102,
      "method" : "PUT",
      "pathPrefix" : "pathPrefix",
      "notifyUserInCharge" : "ALWAYS",
      "userGroupInChargeId" : 1,
      "performAuditAsync" : false,
      "wrapApiResponse" : true
=======
      "active": true,
      "apiAuditConfigId": 100001,
      "forceProcessedAsync": true,
      "isBypassAudit": false,
      "keepErroredRequestDays": 104,
      "keepRequestBodyDays": 100,
      "keepRequestDays": 101,
      "keepResponseBodyDays": 102,
      "keepResponseDays": 103,
      "method": "PUT",
      "notifyUserInCharge": "ALWAYS",
      "orgId": 1,
      "pathPrefix": "pathPrefix",
      "performAuditAsync": false,
      "seqNo": 10,
      "userGroupInChargeId": 1,
      "wrapApiResponse": true
>>>>>>> 3091b8e938a (externalSystems-Leich+Mehl can invoke a customizable postgREST reports (#19521))
    }
  ]
]