<<<<<<< HEAD
JsonRequestBPartnerUpsertItemTest.serializeDeserialize=[
  {
    "bpartnerIdentifier": "ext-12345",
    "bpartnerComposite": {
      "bpartner": {
        "externalIdSet": false,
        "code": "code",
        "codeSet": true,
        "activeSet": false,
        "nameSet": false,
        "name2Set": false,
        "name3Set": false,
        "companyNameSet": false,
        "vendorSet": false,
        "customerSet": false,
        "parentIdSet": false,
        "phoneSet": false,
        "languageSet": false,
        "invoiceRuleSet": false,
        "urlSet": false,
        "url2Set": false,
        "url3Set": false,
        "groupSet": false,
        "globalIdset": false,
        "vatIdSet": false,
        "syncAdviseSet": false
      }
    }
  }
]


de.metas.common.bpartner.v1.request.JsonRequestBPartnerUpsertItemTest.serializeDeserialize=[
  {
    "bpartnerIdentifier" : "ext-12345",
    "bpartnerComposite" : {
      "bpartner" : {
        "externalIdSet" : false,
        "code" : "code",
        "codeSet" : true,
        "activeSet" : false,
        "nameSet" : false,
        "name2Set" : false,
        "name3Set" : false,
        "companyNameSet" : false,
        "vendorSet" : false,
        "customerSet" : false,
        "parentIdSet" : false,
        "phoneSet" : false,
        "languageSet" : false,
        "invoiceRuleSet" : false,
        "urlSet" : false,
        "url2Set" : false,
        "url3Set" : false,
        "groupSet" : false,
        "globalIdset" : false,
        "vatIdSet" : false,
        "syncAdviseSet" : false
      }
    }
  }
]


de.metas.rest_api.bpartner.request.JsonRequestBPartnerUpsertItemTest.serializeDeserialize=[
  {
    "bpartnerIdentifier" : "ext-12345",
    "bpartnerComposite" : {
      "bpartner" : {
        "externalIdSet" : false,
        "code" : "code",
        "codeSet" : true,
        "activeSet" : false,
        "nameSet" : false,
        "name2Set" : false,
        "name3Set" : false,
        "companyNameSet" : false,
        "vendorSet" : false,
        "customerSet" : false,
        "parentIdSet" : false,
        "phoneSet" : false,
        "languageSet" : false,
        "invoiceRuleSet" : false,
        "urlSet" : false,
        "url2Set" : false,
        "url3Set" : false,
        "groupSet" : false,
        "globalIdset" : false,
        "syncAdviseSet" : false,
        "vatIdSet" : false
      }
    }
=======
de.metas.common.bpartner.v1.request.JsonRequestBPartnerUpsertItemTest.serializeDeserialize=[
  {
    "bpartnerComposite": {
      "bpartner": {
        "activeSet": false,
        "code": "code",
        "codeSet": true,
        "companyNameSet": false,
        "customerSet": false,
        "externalIdSet": false,
        "globalIdset": false,
        "groupSet": false,
        "invoiceRuleSet": false,
        "languageSet": false,
        "name2Set": false,
        "name3Set": false,
        "nameSet": false,
        "parentIdSet": false,
        "phoneSet": false,
        "syncAdviseSet": false,
        "url2Set": false,
        "url3Set": false,
        "urlSet": false,
        "vatIdSet": false,
        "vendorSet": false
      }
    },
    "bpartnerIdentifier": "ext-12345"
>>>>>>> 3091b8e938a (externalSystems-Leich+Mehl can invoke a customizable postgREST reports (#19521))
  }
]