de.metas.vertical.healthcare.alberta.service.bpartner.role.AlbertaRoleRepositoryTest.save=[
  {
<<<<<<< HEAD
    "bPartnerAlbertaRoleId" : 100001,
    "bPartnerId" : 1,
    "role" : "HealthInsurance"
=======
    "bPartnerAlbertaRoleId": 100001,
    "bPartnerId": 1,
    "role": "HealthInsurance"
>>>>>>> 3091b8e938a (externalSystems-Leich+Mehl can invoke a customizable postgREST reports (#19521))
  }
]