de.metas.externalsystem.other.ExternalSystemOtherConfigRepositoryTest.getById=[
  {
<<<<<<< HEAD
    "id" : {
      "externalSystemParentConfigId" : 1
    },
    "parameters" : [
      {
        "id" : 100001,
        "name" : "name1",
        "value" : "value1"
      },
      {
        "id" : 100002,
        "name" : "name2",
        "value" : "value2"
=======
    "id": {
      "externalSystemParentConfigId": 1
    },
    "parameters": [
      {
        "id": 100001,
        "name": "name1",
        "value": "value1"
      },
      {
        "id": 100002,
        "name": "name2",
        "value": "value2"
>>>>>>> 3091b8e938a (externalSystems-Leich+Mehl can invoke a customizable postgREST reports (#19521))
      }
    ]
  }
]