de.metas.contracts.commission.mediated.MediatedCommissionConfigFactoryTest.givenValidRequest_whenCreateForNewCommissionInstances_thenReturnOneCommissionConfig=[
  [
    {
<<<<<<< HEAD
      "commissionPercent" : 10,
      "commissionProductId" : 103,
      "pointsPrecision" : 2,
      "mediatedCommissionContract" : {
        "@type" : "MediatedCommissionContract",
        "contractId" : 100004,
        "contractOwnerBPartnerId" : 1,
        "simulation" : false
      },
      "mediatedCommissionSettingsLineId" : 100002
=======
      "commissionPercent": 10,
      "commissionProductId": 103,
      "mediatedCommissionContract": {
        "@type": "MediatedCommissionContract",
        "contractId": 100004,
        "contractOwnerBPartnerId": 1,
        "simulation": false
      },
      "mediatedCommissionSettingsLineId": 100002,
      "pointsPrecision": 2
>>>>>>> 3091b8e938a (externalSystems-Leich+Mehl can invoke a customizable postgREST reports (#19521))
    }
  ]
]