de.metas.handlingunits.inventory.draftlinescreator.DraftInventoryLinesCreatorTest.execute_MultipleHUInventoryLineAggregator=[
  {
    "id" : 1000000,
    "orgId" : 1000000,
    "docBaseAndSubType" : {
      "docBaseType" : "MMI",
      "docSubType" : "IAH"
    },
    "inventoryType" : "PHYSICAL",
    "movementDate" : {
      "dateTime" : {
        "date" : {
          "year" : 2020,
          "month" : 6,
          "day" : 15,
          "leapYear" : true
        },
        "time" : {
          "hour" : 0,
          "minute" : 0,
          "second" : 0,
          "nano" : 0
        }
      },
      "offset" : {
        "totalSeconds" : -28800
      },
      "zone" : {
        "id" : "UTC-08:00"
      }
    },
    "docStatus" : "DR",
    "documentNo" : "documentNo",
    "lines" : [
      {
        "id" : 1000000,
        "orgId" : 5,
        "asiId" : 1000000,
        "productId" : 40,
        "storageAttributesKey" : "10§&§11",
        "locatorId" : "1000000_1000000",
        "huAggregationType" : "MULTI_HU",
        "inventoryType" : "PHYSICAL",
        "counted" : false,
        "qtyBookFixed" : {
          "qty" : "11",
          "uomId" : 1000000
        },
        "qtyCountFixed" : {
          "qty" : "11",
          "uomId" : 1000000
        },
        "inventoryLineHUs" : [
          {
            "id" : 1000000,
            "huId" : 100,
            "inventoryType" : "PHYSICAL",
            "qtyBook" : {
              "qty" : "10",
              "uomId" : 1000000
            },
            "qtyCount" : {
              "qty" : "10",
              "uomId" : 1000000
            }
          },
          {
            "id" : 1000001,
            "huId" : 200,
            "inventoryType" : "PHYSICAL",
            "qtyBook" : {
              "qty" : "1",
              "uomId" : 1000000
            },
            "qtyCount" : {
              "qty" : "1",
              "uomId" : 1000000
            }
          }
        ]
      },
      {
        "id" : 1000001,
        "orgId" : 5,
        "asiId" : 1000001,
        "productId" : 2,
        "storageAttributesKey" : "10§&§11",
        "locatorId" : "1000000_1000000",
        "huAggregationType" : "MULTI_HU",
        "inventoryType" : "PHYSICAL",
        "counted" : false,
        "qtyBookFixed" : {
          "qty" : "1",
          "uomId" : 1000000
        },
        "qtyCountFixed" : {
          "qty" : "1",
          "uomId" : 1000000
        },
        "inventoryLineHUs" : [
          {
            "id" : 1000002,
            "huId" : 200,
            "inventoryType" : "PHYSICAL",
            "qtyBook" : {
              "qty" : "1",
              "uomId" : 1000000
            },
            "qtyCount" : {
              "qty" : "1",
              "uomId" : 1000000
            }
          }
        ]
      },
      {
        "id" : 1000002,
        "orgId" : 5,
        "asiId" : 1000002,
        "productId" : 40,
        "storageAttributesKey" : "10§&§11§&§12",
        "locatorId" : "1000000_1000000",
        "huAggregationType" : "MULTI_HU",
        "inventoryType" : "PHYSICAL",
        "counted" : false,
        "qtyBookFixed" : {
          "qty" : "2",
          "uomId" : 1000000
        },
        "qtyCountFixed" : {
          "qty" : "2",
          "uomId" : 1000000
        },
        "inventoryLineHUs" : [
          {
            "id" : 1000003,
            "huId" : 300,
            "inventoryType" : "PHYSICAL",
            "qtyBook" : {
              "qty" : "2",
              "uomId" : 1000000
            },
            "qtyCount" : {
              "qty" : "2",
              "uomId" : 1000000
            }
          }
        ]
      }
    ]
  }
]


de.metas.handlingunits.inventory.draftlinescreator.DraftInventoryLinesCreatorTest.execute_MultipleHUInventoryLineAggregator_preAddedHUs=[
  {
    "id" : 1000001,
    "orgId" : 1000000,
    "docBaseAndSubType" : {
      "docBaseType" : "MMI",
      "docSubType" : "IAH"
    },
    "inventoryType" : "PHYSICAL",
    "movementDate" : {
      "dateTime" : {
        "date" : {
          "year" : 2020,
          "month" : 6,
          "day" : 15,
          "leapYear" : true
        },
        "time" : {
          "hour" : 0,
          "minute" : 0,
          "second" : 0,
          "nano" : 0
        }
      },
      "offset" : {
        "totalSeconds" : -28800
      },
      "zone" : {
        "id" : "UTC-08:00"
      }
    },
    "docStatus" : "DR",
    "documentNo" : "documentNo",
    "lines" : [
      {
        "id" : 1000003,
        "orgId" : 5,
        "asiId" : 1000003,
        "productId" : 40,
        "storageAttributesKey" : "10§&§11",
        "locatorId" : "1000000_1000000",
        "huAggregationType" : "MULTI_HU",
        "inventoryType" : "PHYSICAL",
        "counted" : false,
        "qtyBookFixed" : {
          "qty" : "11",
          "uomId" : 1000000
        },
        "qtyCountFixed" : {
          "qty" : "11",
          "uomId" : 1000000
        },
        "inventoryLineHUs" : [
          {
            "id" : 1000004,
            "huId" : 100,
            "inventoryType" : "PHYSICAL",
            "qtyBook" : {
              "qty" : "10",
              "uomId" : 1000000
            },
            "qtyCount" : {
              "qty" : "10",
              "uomId" : 1000000
            }
          },
          {
            "id" : 1000005,
            "huId" : 200,
            "inventoryType" : "PHYSICAL",
            "qtyBook" : {
              "qty" : "1",
              "uomId" : 1000000
            },
            "qtyCount" : {
              "qty" : "1",
              "uomId" : 1000000
            }
          }
        ]
      },
      {
        "id" : 1000004,
        "orgId" : 5,
        "asiId" : 1000004,
        "productId" : 40,
        "storageAttributesKey" : "10§&§11§&§12",
        "locatorId" : "1000000_1000000",
        "huAggregationType" : "MULTI_HU",
        "inventoryType" : "PHYSICAL",
        "counted" : false,
        "qtyBookFixed" : {
          "qty" : "4",
          "uomId" : 1000000
        },
        "qtyCountFixed" : {
          "qty" : "4",
          "uomId" : 1000000
        },
        "inventoryLineHUs" : [
          {
            "id" : 1000006,
            "huId" : 300,
            "inventoryType" : "PHYSICAL",
            "qtyBook" : {
              "qty" : "2",
              "uomId" : 1000000
            },
            "qtyCount" : {
              "qty" : "2",
              "uomId" : 1000000
            }
          },
          {
            "id" : 1000007,
            "huId" : 305,
            "inventoryType" : "PHYSICAL",
            "qtyBook" : {
              "qty" : "2",
              "uomId" : 1000000
            },
            "qtyCount" : {
              "qty" : "2",
              "uomId" : 1000000
            }
          }
        ]
      }
    ]
  }
]


de.metas.handlingunits.inventory.draftlinescreator.DraftInventoryLinesCreatorTest.execute_SingleHUInventoryLineAggregator=[
  {
    "id" : 1000000,
    "orgId" : 1000000,
    "docBaseAndSubType" : {
      "docBaseType" : "MMI",
      "docSubType" : "ISH"
    },
    "inventoryType" : "PHYSICAL",
    "movementDate" : {
      "dateTime" : {
        "date" : {
          "year" : 2020,
          "month" : 6,
          "day" : 15,
          "leapYear" : true
        },
        "time" : {
          "hour" : 0,
          "minute" : 0,
          "second" : 0,
          "nano" : 0
        }
      },
      "offset" : {
        "totalSeconds" : -28800
      },
      "zone" : {
        "id" : "UTC-08:00"
      }
    },
    "docStatus" : "DR",
    "documentNo" : "documentNo",
    "lines" : [
      {
        "id" : 1000000,
        "orgId" : 5,
        "asiId" : 1000000,
        "productId" : 40,
        "storageAttributesKey" : "10§&§11",
        "locatorId" : "1000000_1000000",
        "huAggregationType" : "SINGLE_HU",
        "inventoryType" : "PHYSICAL",
        "counted" : false,
        "qtyBookFixed" : {
          "qty" : "10",
          "uomId" : 1000000
        },
        "qtyCountFixed" : {
          "qty" : "10",
          "uomId" : 1000000
        },
        "inventoryLineHUs" : [
          {
            "huId" : 100,
            "inventoryType" : "PHYSICAL",
            "qtyBook" : {
              "qty" : "10",
              "uomId" : 1000000
            },
            "qtyCount" : {
              "qty" : "10",
              "uomId" : 1000000
            }
          }
        ]
      },
      {
        "id" : 1000001,
        "orgId" : 5,
        "asiId" : 1000001,
        "productId" : 40,
        "storageAttributesKey" : "10§&§11",
        "locatorId" : "1000000_1000000",
        "huAggregationType" : "SINGLE_HU",
        "inventoryType" : "PHYSICAL",
        "counted" : false,
        "qtyBookFixed" : {
          "qty" : "1",
          "uomId" : 1000000
        },
        "qtyCountFixed" : {
          "qty" : "1",
          "uomId" : 1000000
        },
        "inventoryLineHUs" : [
          {
            "huId" : 200,
            "inventoryType" : "PHYSICAL",
            "qtyBook" : {
              "qty" : "1",
              "uomId" : 1000000
            },
            "qtyCount" : {
              "qty" : "1",
              "uomId" : 1000000
            }
          }
        ]
      },
      {
        "id" : 1000002,
        "orgId" : 5,
        "asiId" : 1000002,
        "productId" : 2,
        "storageAttributesKey" : "10§&§11",
        "locatorId" : "1000000_1000000",
        "huAggregationType" : "SINGLE_HU",
        "inventoryType" : "PHYSICAL",
        "counted" : false,
        "qtyBookFixed" : {
          "qty" : "1",
          "uomId" : 1000000
        },
        "qtyCountFixed" : {
          "qty" : "1",
          "uomId" : 1000000
        },
        "inventoryLineHUs" : [
          {
            "huId" : 200,
            "inventoryType" : "PHYSICAL",
            "qtyBook" : {
              "qty" : "1",
              "uomId" : 1000000
            },
            "qtyCount" : {
              "qty" : "1",
              "uomId" : 1000000
            }
          }
        ]
      },
      {
        "id" : 1000003,
        "orgId" : 5,
        "asiId" : 1000003,
        "productId" : 40,
        "storageAttributesKey" : "10§&§11§&§12",
        "locatorId" : "1000000_1000000",
        "huAggregationType" : "SINGLE_HU",
        "inventoryType" : "PHYSICAL",
        "counted" : false,
        "qtyBookFixed" : {
          "qty" : "2",
          "uomId" : 1000000
        },
        "qtyCountFixed" : {
          "qty" : "2",
          "uomId" : 1000000
        },
        "inventoryLineHUs" : [
          {
            "huId" : 300,
            "inventoryType" : "PHYSICAL",
            "qtyBook" : {
              "qty" : "2",
              "uomId" : 1000000
            },
            "qtyCount" : {
              "qty" : "2",
              "uomId" : 1000000
            }
          }
        ]
      }
    ]
  }
]