<<<<<<< HEAD
de.metas.contracts.commission.commissioninstance.services.hierarchy.HierarchyCommissionConfigFactoryTest.createFor=[ {
  "id" : 100010,
  "commissionProductId" : 100003,
  "subtractLowerLevelCommissionFromBase" : true,
  "bpartnerId2HierarchyContracts" : {
    "100015" : {
      "@type" : "HierarchyContract",
      "id" : 100016,
      "pointsPrecision" : 3,
      "commissionSettingsLineId" : 100013,
      "commissionPercent" : 20,
      "simulation" : false
    },
    "100018" : {
      "@type" : "HierarchyContract",
      "id" : 100019,
      "pointsPrecision" : 3,
      "commissionSettingsLineId" : 100013,
      "commissionPercent" : 20,
      "simulation" : false
    },
    "100021" : {
      "@type" : "HierarchyContract",
      "id" : 100022,
      "pointsPrecision" : 3,
      "commissionSettingsLineId" : 100013,
      "commissionPercent" : 20,
      "simulation" : false
    }
  },
  "commissionType" : "HIERARCHY_COMMISSION"
} ]


de.metas.contracts.commission.commissioninstance.services.hierarchy.HierarchyCommissionConfigFactoryTest.createForExisingInstance=[ {
  "100027" : {
    "id" : 100023,
    "commissionProductId" : 100004,
    "subtractLowerLevelCommissionFromBase" : true,
    "bpartnerId2HierarchyContracts" : {
      "100015" : {
        "@type" : "HierarchyContract",
        "id" : 100027,
        "pointsPrecision" : 3,
        "commissionSettingsLineId" : 100026,
        "commissionPercent" : 20,
        "simulation" : false
      },
      "100018" : {
        "@type" : "HierarchyContract",
        "id" : 100028,
        "pointsPrecision" : 3,
        "commissionSettingsLineId" : 100026,
        "commissionPercent" : 20,
        "simulation" : false
      },
      "100021" : {
        "@type" : "HierarchyContract",
        "id" : 100029,
        "pointsPrecision" : 3,
        "commissionSettingsLineId" : 100026,
        "commissionPercent" : 20,
        "simulation" : false
      }
    },
    "commissionType" : "HIERARCHY_COMMISSION"
  },
  "100028" : {
    "id" : 100023,
    "commissionProductId" : 100004,
    "subtractLowerLevelCommissionFromBase" : true,
    "bpartnerId2HierarchyContracts" : {
      "100015" : {
        "@type" : "HierarchyContract",
        "id" : 100027,
        "pointsPrecision" : 3,
        "commissionSettingsLineId" : 100026,
        "commissionPercent" : 20,
        "simulation" : false
      },
      "100018" : {
        "@type" : "HierarchyContract",
        "id" : 100028,
        "pointsPrecision" : 3,
        "commissionSettingsLineId" : 100026,
        "commissionPercent" : 20,
        "simulation" : false
      },
      "100021" : {
        "@type" : "HierarchyContract",
        "id" : 100029,
        "pointsPrecision" : 3,
        "commissionSettingsLineId" : 100026,
        "commissionPercent" : 20,
        "simulation" : false
      }
    },
    "commissionType" : "HIERARCHY_COMMISSION"
  },
  "100029" : {
    "id" : 100023,
    "commissionProductId" : 100004,
    "subtractLowerLevelCommissionFromBase" : true,
    "bpartnerId2HierarchyContracts" : {
      "100015" : {
        "@type" : "HierarchyContract",
        "id" : 100027,
        "pointsPrecision" : 3,
        "commissionSettingsLineId" : 100026,
        "commissionPercent" : 20,
        "simulation" : false
      },
      "100018" : {
        "@type" : "HierarchyContract",
        "id" : 100028,
        "pointsPrecision" : 3,
        "commissionSettingsLineId" : 100026,
        "commissionPercent" : 20,
        "simulation" : false
      },
      "100021" : {
        "@type" : "HierarchyContract",
        "id" : 100029,
        "pointsPrecision" : 3,
        "commissionSettingsLineId" : 100026,
        "commissionPercent" : 20,
        "simulation" : false
      }
    },
    "commissionType" : "HIERARCHY_COMMISSION"
  },
  "100016" : {
    "id" : 100010,
    "commissionProductId" : 100003,
    "subtractLowerLevelCommissionFromBase" : true,
    "bpartnerId2HierarchyContracts" : {
      "100015" : {
        "@type" : "HierarchyContract",
        "id" : 100016,
        "pointsPrecision" : 3,
        "commissionSettingsLineId" : 100013,
        "commissionPercent" : 20,
        "simulation" : false
      },
      "100018" : {
        "@type" : "HierarchyContract",
        "id" : 100019,
        "pointsPrecision" : 3,
        "commissionSettingsLineId" : 100013,
        "commissionPercent" : 20,
        "simulation" : false
      },
      "100021" : {
        "@type" : "HierarchyContract",
        "id" : 100022,
        "pointsPrecision" : 3,
        "commissionSettingsLineId" : 100013,
        "commissionPercent" : 20,
        "simulation" : false
      }
    },
    "commissionType" : "HIERARCHY_COMMISSION"
  },
  "100019" : {
    "id" : 100010,
    "commissionProductId" : 100003,
    "subtractLowerLevelCommissionFromBase" : true,
    "bpartnerId2HierarchyContracts" : {
      "100015" : {
        "@type" : "HierarchyContract",
        "id" : 100016,
        "pointsPrecision" : 3,
        "commissionSettingsLineId" : 100013,
        "commissionPercent" : 20,
        "simulation" : false
      },
      "100018" : {
        "@type" : "HierarchyContract",
        "id" : 100019,
        "pointsPrecision" : 3,
        "commissionSettingsLineId" : 100013,
        "commissionPercent" : 20,
        "simulation" : false
      },
      "100021" : {
        "@type" : "HierarchyContract",
        "id" : 100022,
        "pointsPrecision" : 3,
        "commissionSettingsLineId" : 100013,
        "commissionPercent" : 20,
        "simulation" : false
      }
    },
    "commissionType" : "HIERARCHY_COMMISSION"
  },
  "100022" : {
    "id" : 100010,
    "commissionProductId" : 100003,
    "subtractLowerLevelCommissionFromBase" : true,
    "bpartnerId2HierarchyContracts" : {
      "100015" : {
        "@type" : "HierarchyContract",
        "id" : 100016,
        "pointsPrecision" : 3,
        "commissionSettingsLineId" : 100013,
        "commissionPercent" : 20,
        "simulation" : false
      },
      "100018" : {
        "@type" : "HierarchyContract",
        "id" : 100019,
        "pointsPrecision" : 3,
        "commissionSettingsLineId" : 100013,
        "commissionPercent" : 20,
        "simulation" : false
      },
      "100021" : {
        "@type" : "HierarchyContract",
        "id" : 100022,
        "pointsPrecision" : 3,
        "commissionSettingsLineId" : 100013,
        "commissionPercent" : 20,
        "simulation" : false
      }
    },
    "commissionType" : "HIERARCHY_COMMISSION"
  }
} ]


de.metas.contracts.commission.commissioninstance.services.hierarchy.HierarchyCommissionConfigFactoryTest.createForNewCommissionInstances_multiple_contracts=[ [ {
  "id" : 100023,
  "commissionProductId" : 100004,
  "subtractLowerLevelCommissionFromBase" : true,
  "bpartnerId2HierarchyContracts" : {
    "100015" : {
      "@type" : "HierarchyContract",
      "id" : 100027,
      "pointsPrecision" : 3,
      "commissionSettingsLineId" : 100026,
      "commissionPercent" : 20,
      "simulation" : false
    },
    "100018" : {
      "@type" : "HierarchyContract",
      "id" : 100028,
      "pointsPrecision" : 3,
      "commissionSettingsLineId" : 100026,
      "commissionPercent" : 20,
      "simulation" : false
    },
    "100021" : {
      "@type" : "HierarchyContract",
      "id" : 100029,
      "pointsPrecision" : 3,
      "commissionSettingsLineId" : 100026,
      "commissionPercent" : 20,
      "simulation" : false
    }
  },
  "commissionType" : "HIERARCHY_COMMISSION"
}, {
  "id" : 100010,
  "commissionProductId" : 100003,
  "subtractLowerLevelCommissionFromBase" : true,
  "bpartnerId2HierarchyContracts" : {
    "100015" : {
      "@type" : "HierarchyContract",
      "id" : 100016,
      "pointsPrecision" : 3,
      "commissionSettingsLineId" : 100013,
      "commissionPercent" : 20,
      "simulation" : false
    },
    "100018" : {
      "@type" : "HierarchyContract",
      "id" : 100019,
      "pointsPrecision" : 3,
      "commissionSettingsLineId" : 100013,
      "commissionPercent" : 20,
      "simulation" : false
    },
    "100021" : {
      "@type" : "HierarchyContract",
      "id" : 100022,
      "pointsPrecision" : 3,
      "commissionSettingsLineId" : 100013,
      "commissionPercent" : 20,
      "simulation" : false
    }
  },
  "commissionType" : "HIERARCHY_COMMISSION"
} ] ]


de.metas.contracts.commission.commissioninstance.services.hierarchy.HierarchyCommissionConfigFactoryTest.createForNewCommissionInstances_multiple_contracts_shareOnOwnRevenue=[ [ {
  "id" : 100023,
  "commissionProductId" : 100004,
  "subtractLowerLevelCommissionFromBase" : true,
  "bpartnerId2HierarchyContracts" : {
    "100018" : {
      "@type" : "HierarchyContract",
      "id" : 100028,
      "pointsPrecision" : 3,
      "commissionSettingsLineId" : 100025,
      "commissionPercent" : 10,
      "simulation" : false
    },
    "100021" : {
      "@type" : "HierarchyContract",
      "id" : 100029,
      "pointsPrecision" : 3,
      "commissionSettingsLineId" : 100025,
      "commissionPercent" : 10,
      "simulation" : false
    }
  },
  "commissionType" : "HIERARCHY_COMMISSION"
}, {
  "id" : 100010,
  "commissionProductId" : 100003,
  "subtractLowerLevelCommissionFromBase" : true,
  "bpartnerId2HierarchyContracts" : {
    "100015" : {
      "@type" : "HierarchyContract",
      "id" : 100016,
      "pointsPrecision" : 3,
      "commissionSettingsLineId" : 100012,
      "commissionPercent" : 0,
      "simulation" : false
    },
    "100018" : {
      "@type" : "HierarchyContract",
      "id" : 100019,
      "pointsPrecision" : 3,
      "commissionSettingsLineId" : 100012,
      "commissionPercent" : 10,
      "simulation" : false
    },
    "100021" : {
      "@type" : "HierarchyContract",
      "id" : 100022,
      "pointsPrecision" : 3,
      "commissionSettingsLineId" : 100012,
      "commissionPercent" : 10,
      "simulation" : false
    }
  },
  "commissionType" : "HIERARCHY_COMMISSION"
} ] ]
=======
de.metas.contracts.commission.commissioninstance.services.hierarchy.HierarchyCommissionConfigFactoryTest.createFor=[
  {
    "commissionProductId": 100003,
    "id": 100010,
    "subtractLowerLevelCommissionFromBase": true,
    "bpartnerId2HierarchyContracts": {
      "100015": {
        "@type": "HierarchyContract",
        "commissionSettingsLineId": 100013,
        "id": 100016,
        "isSimulation": false,
        "pointsPrecision": 3,
        "commissionPercent": 20,
        "simulation": false
      },
      "100018": {
        "@type": "HierarchyContract",
        "commissionSettingsLineId": 100013,
        "id": 100019,
        "isSimulation": false,
        "pointsPrecision": 3,
        "commissionPercent": 20,
        "simulation": false
      },
      "100021": {
        "@type": "HierarchyContract",
        "commissionSettingsLineId": 100013,
        "id": 100022,
        "isSimulation": false,
        "pointsPrecision": 3,
        "commissionPercent": 20,
        "simulation": false
      }
    }
  }
]


de.metas.contracts.commission.commissioninstance.services.hierarchy.HierarchyCommissionConfigFactoryTest.createForExisingInstance=[
  {
    "100016": {
      "commissionProductId": 100003,
      "id": 100010,
      "subtractLowerLevelCommissionFromBase": true,
      "bpartnerId2HierarchyContracts": {
        "100015": {
          "@type": "HierarchyContract",
          "commissionSettingsLineId": 100013,
          "id": 100016,
          "isSimulation": false,
          "pointsPrecision": 3,
          "commissionPercent": 20,
          "simulation": false
        },
        "100018": {
          "@type": "HierarchyContract",
          "commissionSettingsLineId": 100013,
          "id": 100019,
          "isSimulation": false,
          "pointsPrecision": 3,
          "commissionPercent": 20,
          "simulation": false
        },
        "100021": {
          "@type": "HierarchyContract",
          "commissionSettingsLineId": 100013,
          "id": 100022,
          "isSimulation": false,
          "pointsPrecision": 3,
          "commissionPercent": 20,
          "simulation": false
        }
      }
    },
    "100019": {
      "commissionProductId": 100003,
      "id": 100010,
      "subtractLowerLevelCommissionFromBase": true,
      "bpartnerId2HierarchyContracts": {
        "100015": {
          "@type": "HierarchyContract",
          "commissionSettingsLineId": 100013,
          "id": 100016,
          "isSimulation": false,
          "pointsPrecision": 3,
          "commissionPercent": 20,
          "simulation": false
        },
        "100018": {
          "@type": "HierarchyContract",
          "commissionSettingsLineId": 100013,
          "id": 100019,
          "isSimulation": false,
          "pointsPrecision": 3,
          "commissionPercent": 20,
          "simulation": false
        },
        "100021": {
          "@type": "HierarchyContract",
          "commissionSettingsLineId": 100013,
          "id": 100022,
          "isSimulation": false,
          "pointsPrecision": 3,
          "commissionPercent": 20,
          "simulation": false
        }
      }
    },
    "100022": {
      "commissionProductId": 100003,
      "id": 100010,
      "subtractLowerLevelCommissionFromBase": true,
      "bpartnerId2HierarchyContracts": {
        "100015": {
          "@type": "HierarchyContract",
          "commissionSettingsLineId": 100013,
          "id": 100016,
          "isSimulation": false,
          "pointsPrecision": 3,
          "commissionPercent": 20,
          "simulation": false
        },
        "100018": {
          "@type": "HierarchyContract",
          "commissionSettingsLineId": 100013,
          "id": 100019,
          "isSimulation": false,
          "pointsPrecision": 3,
          "commissionPercent": 20,
          "simulation": false
        },
        "100021": {
          "@type": "HierarchyContract",
          "commissionSettingsLineId": 100013,
          "id": 100022,
          "isSimulation": false,
          "pointsPrecision": 3,
          "commissionPercent": 20,
          "simulation": false
        }
      }
    },
    "100027": {
      "commissionProductId": 100004,
      "id": 100023,
      "subtractLowerLevelCommissionFromBase": true,
      "bpartnerId2HierarchyContracts": {
        "100015": {
          "@type": "HierarchyContract",
          "commissionSettingsLineId": 100026,
          "id": 100027,
          "isSimulation": false,
          "pointsPrecision": 3,
          "commissionPercent": 20,
          "simulation": false
        },
        "100018": {
          "@type": "HierarchyContract",
          "commissionSettingsLineId": 100026,
          "id": 100028,
          "isSimulation": false,
          "pointsPrecision": 3,
          "commissionPercent": 20,
          "simulation": false
        },
        "100021": {
          "@type": "HierarchyContract",
          "commissionSettingsLineId": 100026,
          "id": 100029,
          "isSimulation": false,
          "pointsPrecision": 3,
          "commissionPercent": 20,
          "simulation": false
        }
      }
    },
    "100028": {
      "commissionProductId": 100004,
      "id": 100023,
      "subtractLowerLevelCommissionFromBase": true,
      "bpartnerId2HierarchyContracts": {
        "100015": {
          "@type": "HierarchyContract",
          "commissionSettingsLineId": 100026,
          "id": 100027,
          "isSimulation": false,
          "pointsPrecision": 3,
          "commissionPercent": 20,
          "simulation": false
        },
        "100018": {
          "@type": "HierarchyContract",
          "commissionSettingsLineId": 100026,
          "id": 100028,
          "isSimulation": false,
          "pointsPrecision": 3,
          "commissionPercent": 20,
          "simulation": false
        },
        "100021": {
          "@type": "HierarchyContract",
          "commissionSettingsLineId": 100026,
          "id": 100029,
          "isSimulation": false,
          "pointsPrecision": 3,
          "commissionPercent": 20,
          "simulation": false
        }
      }
    },
    "100029": {
      "commissionProductId": 100004,
      "id": 100023,
      "subtractLowerLevelCommissionFromBase": true,
      "bpartnerId2HierarchyContracts": {
        "100015": {
          "@type": "HierarchyContract",
          "commissionSettingsLineId": 100026,
          "id": 100027,
          "isSimulation": false,
          "pointsPrecision": 3,
          "commissionPercent": 20,
          "simulation": false
        },
        "100018": {
          "@type": "HierarchyContract",
          "commissionSettingsLineId": 100026,
          "id": 100028,
          "isSimulation": false,
          "pointsPrecision": 3,
          "commissionPercent": 20,
          "simulation": false
        },
        "100021": {
          "@type": "HierarchyContract",
          "commissionSettingsLineId": 100026,
          "id": 100029,
          "isSimulation": false,
          "pointsPrecision": 3,
          "commissionPercent": 20,
          "simulation": false
        }
      }
    }
  }
]


de.metas.contracts.commission.commissioninstance.services.hierarchy.HierarchyCommissionConfigFactoryTest.createForNewCommissionInstances_multiple_contracts=[
  [
    {
      "commissionProductId": 100004,
      "id": 100023,
      "subtractLowerLevelCommissionFromBase": true,
      "bpartnerId2HierarchyContracts": {
        "100015": {
          "@type": "HierarchyContract",
          "commissionSettingsLineId": 100026,
          "id": 100027,
          "isSimulation": false,
          "pointsPrecision": 3,
          "commissionPercent": 20,
          "simulation": false
        },
        "100018": {
          "@type": "HierarchyContract",
          "commissionSettingsLineId": 100026,
          "id": 100028,
          "isSimulation": false,
          "pointsPrecision": 3,
          "commissionPercent": 20,
          "simulation": false
        },
        "100021": {
          "@type": "HierarchyContract",
          "commissionSettingsLineId": 100026,
          "id": 100029,
          "isSimulation": false,
          "pointsPrecision": 3,
          "commissionPercent": 20,
          "simulation": false
        }
      }
    },
    {
      "commissionProductId": 100003,
      "id": 100010,
      "subtractLowerLevelCommissionFromBase": true,
      "bpartnerId2HierarchyContracts": {
        "100015": {
          "@type": "HierarchyContract",
          "commissionSettingsLineId": 100013,
          "id": 100016,
          "isSimulation": false,
          "pointsPrecision": 3,
          "commissionPercent": 20,
          "simulation": false
        },
        "100018": {
          "@type": "HierarchyContract",
          "commissionSettingsLineId": 100013,
          "id": 100019,
          "isSimulation": false,
          "pointsPrecision": 3,
          "commissionPercent": 20,
          "simulation": false
        },
        "100021": {
          "@type": "HierarchyContract",
          "commissionSettingsLineId": 100013,
          "id": 100022,
          "isSimulation": false,
          "pointsPrecision": 3,
          "commissionPercent": 20,
          "simulation": false
        }
      }
    }
  ]
]


de.metas.contracts.commission.commissioninstance.services.hierarchy.HierarchyCommissionConfigFactoryTest.createForNewCommissionInstances_multiple_contracts_shareOnOwnRevenue=[
  [
    {
      "commissionProductId": 100004,
      "id": 100023,
      "subtractLowerLevelCommissionFromBase": true,
      "bpartnerId2HierarchyContracts": {
        "100018": {
          "@type": "HierarchyContract",
          "commissionSettingsLineId": 100025,
          "id": 100028,
          "isSimulation": false,
          "pointsPrecision": 3,
          "commissionPercent": 10,
          "simulation": false
        },
        "100021": {
          "@type": "HierarchyContract",
          "commissionSettingsLineId": 100025,
          "id": 100029,
          "isSimulation": false,
          "pointsPrecision": 3,
          "commissionPercent": 10,
          "simulation": false
        }
      }
    },
    {
      "commissionProductId": 100003,
      "id": 100010,
      "subtractLowerLevelCommissionFromBase": true,
      "bpartnerId2HierarchyContracts": {
        "100015": {
          "@type": "HierarchyContract",
          "commissionSettingsLineId": 100012,
          "id": 100016,
          "isSimulation": false,
          "pointsPrecision": 3,
          "commissionPercent": 0,
          "simulation": false
        },
        "100018": {
          "@type": "HierarchyContract",
          "commissionSettingsLineId": 100012,
          "id": 100019,
          "isSimulation": false,
          "pointsPrecision": 3,
          "commissionPercent": 10,
          "simulation": false
        },
        "100021": {
          "@type": "HierarchyContract",
          "commissionSettingsLineId": 100012,
          "id": 100022,
          "isSimulation": false,
          "pointsPrecision": 3,
          "commissionPercent": 10,
          "simulation": false
        }
      }
    }
  ]
]
>>>>>>> 3091b8e938a (externalSystems-Leich+Mehl can invoke a customizable postgREST reports (#19521))
