de.metas.audit.apirequest.request.ApiRequestAuditRepositoryTest.save=[
  {
<<<<<<< HEAD
    "apiRequestAuditId" : 100001,
    "orgId" : 1,
    "roleId" : 0,
    "userId" : 100,
    "apiAuditConfigId" : 3,
    "status" : "RECEIVED",
    "isErrorAcknowledged" : false,
    "body" : "body",
    "method" : "POST",
    "path" : "path",
    "remoteAddress" : "remoteAddress",
    "remoteHost" : "remoteHost",
    "time" : {
      "seconds" : 0,
      "nanos" : 0
    },
    "httpHeaders" : "httpHeaders",
    "requestURI" : "request/uri",
    "errorAcknowledged" : false
=======
    "apiAuditConfigId": 3,
    "apiRequestAuditId": 100001,
    "body": "body",
    "errorAcknowledged": false,
    "httpHeaders": "httpHeaders",
    "isErrorAcknowledged": false,
    "method": "POST",
    "orgId": 1,
    "path": "path",
    "remoteAddress": "remoteAddress",
    "remoteHost": "remoteHost",
    "requestURI": "request/uri",
    "roleId": 0,
    "status": "RECEIVED",
    "time": "1970-01-01T00:00:00Z",
    "userId": 100
>>>>>>> 3091b8e938a (externalSystems-Leich+Mehl can invoke a customizable postgREST reports (#19521))
  }
]