de.metas.rest_api.v2.attachment.AttachmentRestControllerTest.createAttachment=[
  {
<<<<<<< HEAD
    "target" : [
      {
        "externalReferenceType" : "BPartner",
        "externalReferenceIdentifier" : "111111"
      }
    ],
    "attachmentId" : "100001",
    "filename" : "test.txt",
    "mimeType" : "text/plain"
=======
    "attachmentId": "100001",
    "filename": "test.txt",
    "mimeType": "text/plain",
    "target": [
      {
        "externalReferenceIdentifier": "111111",
        "externalReferenceType": "BPartner"
      }
    ]
>>>>>>> 3091b8e938a (externalSystems-Leich+Mehl can invoke a customizable postgREST reports (#19521))
  }
]