de.metas.handlingunits.inventory.InventoryRepositoryTest.saveInventoryLine=[
  {
    "id" : 1000000,
    "orgId" : 1000000,
    "docBaseAndSubType" : {
      "docBaseType" : "MMI",
      "docSubType" : "ISH"
    },
    "inventoryType" : "PHYSICAL",
    "movementDate" : {
      "dateTime" : {
        "date" : {
          "year" : 2020,
          "month" : 6,
          "day" : 15,
          "leapYear" : true
        },
        "time" : {
          "hour" : 0,
          "minute" : 0,
          "second" : 0,
          "nano" : 0
        }
      },
      "offset" : {
        "totalSeconds" : -28800
      },
      "zone" : {
        "id" : "UTC-08:00"
      }
    },
    "docStatus" : "DR",
    "documentNo" : "documentNo",
    "lines" : [
      {
        "id" : 1000000,
        "orgId" : 1000000,
        "asiId" : 1000000,
        "productId" : 40,
        "storageAttributesKey" : "10ยง&ยง11ยง&ยง12",
        "locatorId" : "1000000_1000000",
        "huAggregationType" : "MULTI_HU",
        "inventoryType" : "PHYSICAL",
        "counted" : true,
        "qtyBookFixed" : {
          "qty" : "30",
          "uomId" : 1000000
        },
        "qtyCountFixed" : {
          "qty" : "3",
          "uomId" : 1000000
        },
        "inventoryLineHUs" : [
          {
            "id" : 1000000,
            "huId" : 100,
            "inventoryType" : "PHYSICAL",
            "qtyBook" : {
              "qty" : "10",
              "uomId" : 1000000
            },
            "qtyCount" : {
              "qty" : "1",
              "uomId" : 1000000
            }
          },
          {
            "id" : 1000001,
            "huId" : 200,
            "inventoryType" : "PHYSICAL",
            "qtyBook" : {
              "qty" : "20",
              "uomId" : 1000000
            },
            "qtyCount" : {
              "qty" : "2",
              "uomId" : 1000000
            }
          }
        ]
      }
    ]
  }
]