de.metas.vertical.healthcare.alberta.service.bpartner.user.AlbertaUserRepositoryTest.save_allFields=[
  {
<<<<<<< HEAD
    "userAlbertaId" : 100001,
    "userId" : 1,
    "title" : "DiplMed",
    "gender" : "MALE",
    "timestamp" : {
      "seconds" : 1574380800,
      "nanos" : 0
    }
=======
    "gender": "MALE",
    "timestamp": "2019-11-22T00:00:00Z",
    "title": "DiplMed",
    "userAlbertaId": 100001,
    "userId": 1
>>>>>>> 3091b8e938a (externalSystems-Leich+Mehl can invoke a customizable postgREST reports (#19521))
  }
]


de.metas.vertical.healthcare.alberta.service.bpartner.user.AlbertaUserRepositoryTest.save_onlyMandatory=[
  {
<<<<<<< HEAD
    "userAlbertaId" : 100001,
    "userId" : 1
=======
    "userAlbertaId": 100001,
    "userId": 1
>>>>>>> 3091b8e938a (externalSystems-Leich+Mehl can invoke a customizable postgREST reports (#19521))
  }
]