de.metas.contracts.commission.licensefee.algorithm.LicenseFeeAlgorithmTest.givenValidRequest_whenCreateCommissionShares_thenReturnOneShare=[
  {
<<<<<<< HEAD
    "config" : {
      "@type" : "LicenseFeeConfig",
      "licenseFeeContract" : {
        "@type" : "LicenseFeeContract",
        "id" : 1001,
        "contractOwnerBPartnerId" : 1,
        "simulation" : false
      },
      "commissionProductId" : 2,
      "commissionPercent" : 10,
      "pointsPrecision" : 2,
      "licenseFeeSettingsLineId" : 2
    },
    "level" : 0,
    "beneficiary" : {
      "bPartnerId" : 2
    },
    "facts" : [
      {
        "timestamp" : {
          "seconds" : 19898989898,
          "nanos" : 0
        },
        "state" : "FORECASTED",
        "points" : 10.00
      }
    ],
    "payer" : {
      "bPartnerId" : 1
    },
    "soTrx" : "SALES",
    "forecastedPointsSum" : 10.00,
    "invoiceablePointsSum" : 0,
    "invoicedPointsSum" : 0
=======
    "beneficiary": {
      "bPartnerId": 2
    },
    "config": {
      "@type": "LicenseFeeConfig",
      "commissionPercent": 10,
      "commissionProductId": 2,
      "licenseFeeContract": {
        "@type": "LicenseFeeContract",
        "contractOwnerBPartnerId": 1,
        "id": 1001,
        "simulation": false
      },
      "licenseFeeSettingsLineId": 2,
      "pointsPrecision": 2
    },
    "facts": [
      {
        "points": 10.00,
        "state": "FORECASTED",
        "timestamp": "2600-07-29T09:11:38Z"
      }
    ],
    "level": 0,
    "payer": {
      "bPartnerId": 1
    },
    "soTrx": "SALES",
    "forecastedPointsSum": 10.00,
    "invoiceablePointsSum": 0,
    "invoicedPointsSum": 0
>>>>>>> 3091b8e938a (externalSystems-Leich+Mehl can invoke a customizable postgREST reports (#19521))
  }
]